// Jest Snapshot v1, https://goo.gl/fbAQLP

exports[`Pruebas en <AppRouter />  debe de mostrarse correctamente  1`] = `
<div>
  <div>
    <nav
      className="navbar navbar-expand-sm navbar-dark bg-dark"
    >
      <a
        className="navbar-brand"
        href="/"
        onClick={[Function]}
      >
        UserContext
      </a>
      <div
        className="collapse navbar-collapse"
        id="navbarNavAltMarkup"
      >
        <div
          className="navbar-nav"
        >
          <a
            aria-current="page"
            className="nav-link  active"
            href="/"
            onClick={[Function]}
            style={Object {}}
          >
            Home 
            <span
              className="sr-only"
            >
              (current)
            </span>
          </a>
          <a
            aria-current={null}
            className="nav-link"
            href="/login"
            onClick={[Function]}
          >
            Login
          </a>
          <a
            aria-current={null}
            className="nav-link"
            href="/about"
            onClick={[Function]}
          >
            About
          </a>
        </div>
      </div>
    </nav>
  </div>
  <div
    className="container"
  >
    <div>
      <h1>
        HomeScreen
      </h1>
      <hr />
      <pre>
        {
   "name": "jorge",
   "email": "jorhe@gmail.com"
}
      </pre>
      <h3>
        jorge
      </h3>
    </div>
  </div>
</div>
`;
