// Jest Snapshot v1, https://goo.gl/fbAQLP

exports[`Pruebas en <HomeScreen />  debe de mostrarse correctamente  1`] = `
<div>
  <h1>
    HomeScreen
  </h1>
  <hr />
  <pre>
    {
   "name": "jorge",
   "email": "jorhe@gmail.com"
}
  </pre>
  <h3>
    jorge
  </h3>
</div>
`;
