// Jest Snapshot v1, https://goo.gl/fbAQLP

exports[`Pruebas en el <HookApp> debe hacer match el componente HookApp  1`] = `
<div>
  <h1>
    Hola mundo
  </h1>
</div>
`;
