// Jest Snapshot v1, https://goo.gl/fbAQLP

exports[`Pruebas en <TodoApp />  debe de mostrarse correctamente  1`] = `
<Fragment>
  <h1>
    TodoApp(
    0
    )
  </h1>
  <hr />
  <div
    className="row"
  >
    <div
      className="col-7"
    >
      <TodoList
        handleDeleteIten={[Function]}
        handleThrough={[Function]}
        todos={Array []}
      />
    </div>
    <div
      className="col-5"
    >
      <TodoAdd
        handleAdd={[Function]}
      />
    </div>
  </div>
</Fragment>
`;
