// Jest Snapshot v1, https://goo.gl/fbAQLP

exports[`Pruebas en <TodoAdd />  debe de mostrarse correctamente  1`] = `
<Fragment>
  <h3>
    Agregar Todo
  </h3>
  <hr />
  <form
    onSubmit={[Function]}
  >
    <input
      autoComplete="off"
      className="form-control"
      name="description"
      onChange={[Function]}
      placeholder="Aprender ....."
      type="text"
      value=""
    />
    <button
      className="btn btn-outline-primary btn-block mt-1"
      type="submit"
    >
      Agregar
    </button>
  </form>
</Fragment>
`;
