// Jest Snapshot v1, https://goo.gl/fbAQLP

exports[`pruebas en el TodoList debe mostrarse correctamente 1`] = `
<Fragment>
  <ul
    className="list-group list-group-flush"
  >
    <TodoListIten
      handleDeleteIten={[MockFunction]}
      handleThrough={[MockFunction]}
      i={0}
      key="1"
      todo={
        Object {
          "desc": "description1",
          "done": false,
          "id": 1,
        }
      }
    />
    <TodoListIten
      handleDeleteIten={[MockFunction]}
      handleThrough={[MockFunction]}
      i={1}
      key="2"
      todo={
        Object {
          "desc": "description2",
          "done": false,
          "id": 2,
        }
      }
    />
  </ul>
</Fragment>
`;
